Archive member included because of file (symbol)

c:/imtsdk/imt_sdk_win_32/imt_sdk_win_32/winavr/bin/../lib/gcc/avr/4.3.3/avr5\libgcc.a(_mulsi3.o)
                              ./Src/LCD_program.o (__mulsi3)
c:/imtsdk/imt_sdk_win_32/imt_sdk_win_32/winavr/bin/../lib/gcc/avr/4.3.3/avr5\libgcc.a(_udivmodsi4.o)
                              ./Src/LCD_program.o (__udivmodsi4)
c:/imtsdk/imt_sdk_win_32/imt_sdk_win_32/winavr/bin/../lib/gcc/avr/4.3.3/avr5\libgcc.a(_exit.o)
                              c:/imtsdk/imt_sdk_win_32/imt_sdk_win_32/winavr/bin/../lib/gcc/avr/4.3.3/../../../../avr/lib/avr5/crtm32.o (exit)
c:/imtsdk/imt_sdk_win_32/imt_sdk_win_32/winavr/bin/../lib/gcc/avr/4.3.3/avr5\libgcc.a(_copy_data.o)
                              ./Src/main.o (__do_copy_data)

Memory Configuration

Name             Origin             Length             Attributes
text             0x00000000         0x00020000         xr
data             0x00800060         0x0000ffa0         rw !x
eeprom           0x00810000         0x00010000         rw !x
fuse             0x00820000         0x00000400         rw !x
lock             0x00830000         0x00000400         rw !x
signature        0x00840000         0x00000400         rw !x
*default*        0x00000000         0xffffffff

Linker script and memory map

LOAD c:/imtsdk/imt_sdk_win_32/imt_sdk_win_32/winavr/bin/../lib/gcc/avr/4.3.3/../../../../avr/lib/avr5/crtm32.o
LOAD ./Src/DIO_program.o
LOAD ./Src/EEPROM_program.o
LOAD ./Src/GI_program.o
LOAD ./Src/LCD_program.o
LOAD ./Src/TWI_program.o
LOAD ./Src/main.o
LOAD c:/imtsdk/imt_sdk_win_32/imt_sdk_win_32/winavr/bin/../lib/gcc/avr/4.3.3/avr5\libgcc.a
LOAD c:/imtsdk/imt_sdk_win_32/imt_sdk_win_32/winavr/bin/../lib/gcc/avr/4.3.3/../../../../avr/lib/avr5\libc.a
LOAD c:/imtsdk/imt_sdk_win_32/imt_sdk_win_32/winavr/bin/../lib/gcc/avr/4.3.3/avr5\libgcc.a

.hash
 *(.hash)

.dynsym
 *(.dynsym)

.dynstr
 *(.dynstr)

.gnu.version
 *(.gnu.version)

.gnu.version_d
 *(.gnu.version_d)

.gnu.version_r
 *(.gnu.version_r)

.rel.init
 *(.rel.init)

.rela.init
 *(.rela.init)

.rel.text
 *(.rel.text)
 *(.rel.text.*)
 *(.rel.gnu.linkonce.t*)

.rela.text
 *(.rela.text)
 *(.rela.text.*)
 *(.rela.gnu.linkonce.t*)

.rel.fini
 *(.rel.fini)

.rela.fini
 *(.rela.fini)

.rel.rodata
 *(.rel.rodata)
 *(.rel.rodata.*)
 *(.rel.gnu.linkonce.r*)

.rela.rodata
 *(.rela.rodata)
 *(.rela.rodata.*)
 *(.rela.gnu.linkonce.r*)

.rel.data
 *(.rel.data)
 *(.rel.data.*)
 *(.rel.gnu.linkonce.d*)

.rela.data
 *(.rela.data)
 *(.rela.data.*)
 *(.rela.gnu.linkonce.d*)

.rel.ctors
 *(.rel.ctors)

.rela.ctors
 *(.rela.ctors)

.rel.dtors
 *(.rel.dtors)

.rela.dtors
 *(.rela.dtors)

.rel.got
 *(.rel.got)

.rela.got
 *(.rela.got)

.rel.bss
 *(.rel.bss)

.rela.bss
 *(.rela.bss)

.rel.plt
 *(.rel.plt)

.rela.plt
 *(.rela.plt)

.text           0x00000000      0x740
 *(.vectors)
 .vectors       0x00000000       0x54 c:/imtsdk/imt_sdk_win_32/imt_sdk_win_32/winavr/bin/../lib/gcc/avr/4.3.3/../../../../avr/lib/avr5/crtm32.o
                0x00000000                __vectors
                0x00000000                __vector_default
 *(.vectors)
 *(.progmem.gcc*)
 *(.progmem*)
                0x00000054                . = ALIGN (0x2)
                0x00000054                __trampolines_start = .
 *(.trampolines)
 .trampolines   0x00000054        0x0 linker stubs
 *(.trampolines*)
                0x00000054                __trampolines_end = .
 *(.jumptables)
 *(.jumptables*)
 *(.lowtext)
 *(.lowtext*)
                0x00000054                __ctors_start = .
 *(.ctors)
                0x00000054                __ctors_end = .
                0x00000054                __dtors_start = .
 *(.dtors)
                0x00000054                __dtors_end = .
 SORT(*)(.ctors)
 SORT(*)(.dtors)
 *(.init0)
 .init0         0x00000054        0x0 c:/imtsdk/imt_sdk_win_32/imt_sdk_win_32/winavr/bin/../lib/gcc/avr/4.3.3/../../../../avr/lib/avr5/crtm32.o
                0x00000054                __init
 *(.init0)
 *(.init1)
 *(.init1)
 *(.init2)
 .init2         0x00000054        0xc c:/imtsdk/imt_sdk_win_32/imt_sdk_win_32/winavr/bin/../lib/gcc/avr/4.3.3/../../../../avr/lib/avr5/crtm32.o
 *(.init2)
 *(.init3)
 *(.init3)
 *(.init4)
 .init4         0x00000060       0x16 c:/imtsdk/imt_sdk_win_32/imt_sdk_win_32/winavr/bin/../lib/gcc/avr/4.3.3/avr5\libgcc.a(_copy_data.o)
                0x00000060                __do_copy_data
 *(.init4)
 *(.init5)
 *(.init5)
 *(.init6)
 *(.init6)
 *(.init7)
 *(.init7)
 *(.init8)
 *(.init8)
 *(.init9)
 .init9         0x00000076        0x8 c:/imtsdk/imt_sdk_win_32/imt_sdk_win_32/winavr/bin/../lib/gcc/avr/4.3.3/../../../../avr/lib/avr5/crtm32.o
 *(.init9)
 *(.text)
 .text          0x0000007e        0x4 c:/imtsdk/imt_sdk_win_32/imt_sdk_win_32/winavr/bin/../lib/gcc/avr/4.3.3/../../../../avr/lib/avr5/crtm32.o
                0x0000007e                __vector_1
                0x0000007e                __vector_12
                0x0000007e                __bad_interrupt
                0x0000007e                __vector_6
                0x0000007e                __vector_3
                0x0000007e                __vector_11
                0x0000007e                __vector_13
                0x0000007e                __vector_17
                0x0000007e                __vector_19
                0x0000007e                __vector_7
                0x0000007e                __vector_5
                0x0000007e                __vector_4
                0x0000007e                __vector_9
                0x0000007e                __vector_2
                0x0000007e                __vector_15
                0x0000007e                __vector_8
                0x0000007e                __vector_14
                0x0000007e                __vector_10
                0x0000007e                __vector_16
                0x0000007e                __vector_18
                0x0000007e                __vector_20
 .text          0x00000082        0x0 ./Src/DIO_program.o
 .text          0x00000082        0x0 ./Src/EEPROM_program.o
 .text          0x00000082        0x0 ./Src/GI_program.o
 .text          0x00000082        0x0 ./Src/LCD_program.o
 .text          0x00000082        0x0 ./Src/TWI_program.o
 .text          0x00000082        0x0 ./Src/main.o
 .text          0x00000082        0x0 c:/imtsdk/imt_sdk_win_32/imt_sdk_win_32/winavr/bin/../lib/gcc/avr/4.3.3/avr5\libgcc.a(_mulsi3.o)
 .text          0x00000082        0x0 c:/imtsdk/imt_sdk_win_32/imt_sdk_win_32/winavr/bin/../lib/gcc/avr/4.3.3/avr5\libgcc.a(_udivmodsi4.o)
 .text          0x00000082        0x0 c:/imtsdk/imt_sdk_win_32/imt_sdk_win_32/winavr/bin/../lib/gcc/avr/4.3.3/avr5\libgcc.a(_exit.o)
 .text          0x00000082        0x0 c:/imtsdk/imt_sdk_win_32/imt_sdk_win_32/winavr/bin/../lib/gcc/avr/4.3.3/avr5\libgcc.a(_copy_data.o)
                0x00000082                . = ALIGN (0x2)
 *(.text.*)
 .text.MDIO_voidInit
                0x00000082       0x16 ./Src/DIO_program.o
                0x00000082                MDIO_voidInit
 .text.MDIO_voidSetPinDirection
                0x00000098       0xf2 ./Src/DIO_program.o
                0x00000098                MDIO_voidSetPinDirection
 .text.MDIO_voidSetPinValue
                0x0000018a       0xf2 ./Src/DIO_program.o
                0x0000018a                MDIO_voidSetPinValue
 .text.MDIO_u8GetPinValue
                0x0000027c       0x40 ./Src/DIO_program.o
                0x0000027c                MDIO_u8GetPinValue
 .text.MDIO_voidSetPortValue
                0x000002bc       0x22 ./Src/DIO_program.o
                0x000002bc                MDIO_voidSetPortValue
 .text.MDIO_voidSetPortDirection
                0x000002de       0x22 ./Src/DIO_program.o
                0x000002de                MDIO_voidSetPortDirection
 .text.EEPROM_u8ReadByte
                0x00000300       0x52 ./Src/EEPROM_program.o
                0x00000300                EEPROM_u8ReadByte
 .text.EEPROM_u8WriteByte
                0x00000352       0x44 ./Src/EEPROM_program.o
                0x00000352                EEPROM_u8WriteByte
 .text.MGI_voidEnable
                0x00000396        0x8 ./Src/GI_program.o
                0x00000396                MGI_voidEnable
 .text.MGI_voidDisable
                0x0000039e        0x8 ./Src/GI_program.o
                0x0000039e                MGI_voidDisable
 .text.HLCD_voidSendData
                0x000003a6       0x40 ./Src/LCD_program.o
                0x000003a6                HLCD_voidSendData
 .text.HLCD_voidDisplayNumber
                0x000003e6       0xda ./Src/LCD_program.o
                0x000003e6                HLCD_voidDisplayNumber
 .text.HLCD_voidSendString
                0x000004c0       0x1a ./Src/LCD_program.o
                0x000004c0                HLCD_voidSendString
 .text.HLCD_voidSendCommand
                0x000004da       0x40 ./Src/LCD_program.o
                0x000004da                HLCD_voidSendCommand
 .text.HLCD_voidGoToPos
                0x0000051a       0x22 ./Src/LCD_program.o
                0x0000051a                HLCD_voidGoToPos
 .text.HLCD_voidClearDisplay
                0x0000053c       0x10 ./Src/LCD_program.o
                0x0000053c                HLCD_voidClearDisplay
 .text.HLCD_voidInit
                0x0000054c       0x42 ./Src/LCD_program.o
                0x0000054c                HLCD_voidInit
 .text.TWI_voidMasterInit
                0x0000058e       0x16 ./Src/TWI_program.o
                0x0000058e                TWI_voidMasterInit
 .text.TWI_voidSlaveInit
                0x000005a4       0x12 ./Src/TWI_program.o
                0x000005a4                TWI_voidSlaveInit
 .text.TWI_u8SendStartCondition
                0x000005b6       0x2a ./Src/TWI_program.o
                0x000005b6                TWI_u8SendStartCondition
 .text.TWI_u8SendReStartCondition
                0x000005e0       0x2a ./Src/TWI_program.o
                0x000005e0                TWI_u8SendReStartCondition
 .text.TWI_u8SendStopCondition
                0x0000060a       0x10 ./Src/TWI_program.o
                0x0000060a                TWI_u8SendStopCondition
 .text.TWI_u8SendSlaveAddressWithWrite
                0x0000061a       0x20 ./Src/TWI_program.o
                0x0000061a                TWI_u8SendSlaveAddressWithWrite
 .text.TWI_u8SendSlaveAddressWithRead
                0x0000063a       0x22 ./Src/TWI_program.o
                0x0000063a                TWI_u8SendSlaveAddressWithRead
 .text.TWI_u8SendDataByte
                0x0000065c       0x1e ./Src/TWI_program.o
                0x0000065c                TWI_u8SendDataByte
 .text.TWI_u8ReadDataByte
                0x0000067a       0x2a ./Src/TWI_program.o
                0x0000067a                TWI_u8ReadDataByte
 .text.main     0x000006a4       0x16 ./Src/main.o
                0x000006a4                main
 .text.libgcc   0x000006ba       0x3e c:/imtsdk/imt_sdk_win_32/imt_sdk_win_32/winavr/bin/../lib/gcc/avr/4.3.3/avr5\libgcc.a(_mulsi3.o)
                0x000006ba                __mulsi3
 .text.libgcc   0x000006f8       0x44 c:/imtsdk/imt_sdk_win_32/imt_sdk_win_32/winavr/bin/../lib/gcc/avr/4.3.3/avr5\libgcc.a(_udivmodsi4.o)
                0x000006f8                __udivmodsi4
 .text.libgcc   0x0000073c        0x0 c:/imtsdk/imt_sdk_win_32/imt_sdk_win_32/winavr/bin/../lib/gcc/avr/4.3.3/avr5\libgcc.a(_exit.o)
 .text.libgcc   0x0000073c        0x0 c:/imtsdk/imt_sdk_win_32/imt_sdk_win_32/winavr/bin/../lib/gcc/avr/4.3.3/avr5\libgcc.a(_copy_data.o)
                0x0000073c                . = ALIGN (0x2)
 *(.fini9)
 .fini9         0x0000073c        0x0 c:/imtsdk/imt_sdk_win_32/imt_sdk_win_32/winavr/bin/../lib/gcc/avr/4.3.3/avr5\libgcc.a(_exit.o)
                0x0000073c                exit
                0x0000073c                _exit
 *(.fini9)
 *(.fini8)
 *(.fini8)
 *(.fini7)
 *(.fini7)
 *(.fini6)
 *(.fini6)
 *(.fini5)
 *(.fini5)
 *(.fini4)
 *(.fini4)
 *(.fini3)
 *(.fini3)
 *(.fini2)
 *(.fini2)
 *(.fini1)
 *(.fini1)
 *(.fini0)
 .fini0         0x0000073c        0x4 c:/imtsdk/imt_sdk_win_32/imt_sdk_win_32/winavr/bin/../lib/gcc/avr/4.3.3/avr5\libgcc.a(_exit.o)
 *(.fini0)
                0x00000740                _etext = .

.data           0x00800060       0x12 load address 0x00000740
                0x00800060                PROVIDE (__data_start, .)
 *(.data)
 .data          0x00800060        0x0 c:/imtsdk/imt_sdk_win_32/imt_sdk_win_32/winavr/bin/../lib/gcc/avr/4.3.3/../../../../avr/lib/avr5/crtm32.o
 .data          0x00800060        0x0 ./Src/DIO_program.o
 .data          0x00800060        0x0 ./Src/EEPROM_program.o
 .data          0x00800060        0x0 ./Src/GI_program.o
 .data          0x00800060        0x0 ./Src/LCD_program.o
 .data          0x00800060        0x0 ./Src/TWI_program.o
 .data          0x00800060       0x11 ./Src/main.o
 .data          0x00800071        0x0 c:/imtsdk/imt_sdk_win_32/imt_sdk_win_32/winavr/bin/../lib/gcc/avr/4.3.3/avr5\libgcc.a(_mulsi3.o)
 .data          0x00800071        0x0 c:/imtsdk/imt_sdk_win_32/imt_sdk_win_32/winavr/bin/../lib/gcc/avr/4.3.3/avr5\libgcc.a(_udivmodsi4.o)
 .data          0x00800071        0x0 c:/imtsdk/imt_sdk_win_32/imt_sdk_win_32/winavr/bin/../lib/gcc/avr/4.3.3/avr5\libgcc.a(_exit.o)
 .data          0x00800071        0x0 c:/imtsdk/imt_sdk_win_32/imt_sdk_win_32/winavr/bin/../lib/gcc/avr/4.3.3/avr5\libgcc.a(_copy_data.o)
 *(.data*)
 *(.rodata)
 *(.rodata*)
 *(.gnu.linkonce.d*)
                0x00800072                . = ALIGN (0x2)
 *fill*         0x00800071        0x1 00
                0x00800072                _edata = .
                0x00800072                PROVIDE (__data_end, .)

.bss            0x00800072        0x0
                0x00800072                PROVIDE (__bss_start, .)
 *(.bss)
 .bss           0x00800072        0x0 c:/imtsdk/imt_sdk_win_32/imt_sdk_win_32/winavr/bin/../lib/gcc/avr/4.3.3/../../../../avr/lib/avr5/crtm32.o
 .bss           0x00800072        0x0 ./Src/DIO_program.o
 .bss           0x00800072        0x0 ./Src/EEPROM_program.o
 .bss           0x00800072        0x0 ./Src/GI_program.o
 .bss           0x00800072        0x0 ./Src/LCD_program.o
 .bss           0x00800072        0x0 ./Src/TWI_program.o
 .bss           0x00800072        0x0 ./Src/main.o
 .bss           0x00800072        0x0 c:/imtsdk/imt_sdk_win_32/imt_sdk_win_32/winavr/bin/../lib/gcc/avr/4.3.3/avr5\libgcc.a(_mulsi3.o)
 .bss           0x00800072        0x0 c:/imtsdk/imt_sdk_win_32/imt_sdk_win_32/winavr/bin/../lib/gcc/avr/4.3.3/avr5\libgcc.a(_udivmodsi4.o)
 .bss           0x00800072        0x0 c:/imtsdk/imt_sdk_win_32/imt_sdk_win_32/winavr/bin/../lib/gcc/avr/4.3.3/avr5\libgcc.a(_exit.o)
 .bss           0x00800072        0x0 c:/imtsdk/imt_sdk_win_32/imt_sdk_win_32/winavr/bin/../lib/gcc/avr/4.3.3/avr5\libgcc.a(_copy_data.o)
 *(.bss*)
 *(COMMON)
                0x00800072                PROVIDE (__bss_end, .)
                0x00000740                __data_load_start = LOADADDR (.data)
                0x00000752                __data_load_end = (__data_load_start + SIZEOF (.data))

.noinit         0x00800072        0x0
                0x00800072                PROVIDE (__noinit_start, .)
 *(.noinit*)
                0x00800072                PROVIDE (__noinit_end, .)
                0x00800072                _end = .
                0x00800072                PROVIDE (__heap_start, .)

.eeprom         0x00810000        0x0
 *(.eeprom*)
                0x00810000                __eeprom_end = .

.fuse
 *(.fuse)
 *(.lfuse)
 *(.hfuse)
 *(.efuse)

.lock
 *(.lock*)

.signature
 *(.signature*)

.stab
 *(.stab)

.stabstr
 *(.stabstr)

.stab.excl
 *(.stab.excl)

.stab.exclstr
 *(.stab.exclstr)

.stab.index
 *(.stab.index)

.stab.indexstr
 *(.stab.indexstr)

.comment
 *(.comment)

.debug
 *(.debug)

.line
 *(.line)

.debug_srcinfo
 *(.debug_srcinfo)

.debug_sfnames
 *(.debug_sfnames)

.debug_aranges
 *(.debug_aranges)

.debug_pubnames
 *(.debug_pubnames)

.debug_info
 *(.debug_info)
 *(.gnu.linkonce.wi.*)

.debug_abbrev
 *(.debug_abbrev)

.debug_line
 *(.debug_line)

.debug_frame
 *(.debug_frame)

.debug_str
 *(.debug_str)

.debug_loc
 *(.debug_loc)

.debug_macinfo
 *(.debug_macinfo)
OUTPUT(MYTWI.elf elf32-avr)
LOAD linker stubs
